cat: nonexistent1: No such file or directory
cat: nonexistent1: No such file or directory
